                                                           The SAS System                        16:36 Friday, February 20, 2015   1

                                                Obs               process

                                                  1    dpl_il_cook_20120507.sas7bdat
                                                  2    dpl_il_cook_20120521.sas7bdat
                                                  3    dpl_il_cook_20120604.sas7bdat
                                                  4    dpl_il_cook_20120618.sas7bdat
                                                  5    dpl_il_cook_20120702.sas7bdat
                                                  6    dpl_il_cook_20120716.sas7bdat
                                                  7    dpl_il_cook_20120730.sas7bdat
                                                  8    dpl_il_cook_20120813.sas7bdat
                                                  9    dpl_il_cook_20120827.sas7bdat
                                                 10    dpl_il_cook_20120910.sas7bdat
                                                 11    dpl_il_cook_20120924.sas7bdat
                                                 12    dpl_il_cook_20121008.sas7bdat
                                                 13    dpl_il_cook_20121022.sas7bdat
                                                 14    dpl_il_cook_20121105.sas7bdat
                                                 15    dpl_il_cook_20121119.sas7bdat
                                                 16    dpl_il_cook_20121203.sas7bdat
                                                 17    dpl_il_cook_20121217.sas7bdat
                                                 18    dpl_il_cook_20121231.sas7bdat
                                                 19    dpl_il_cook_20130114.sas7bdat
                                                 20    dpl_il_cook_20130128.sas7bdat
                                                 21    dpl_il_cook_20130211.sas7bdat
                                                 22    dpl_il_cook_20130225.sas7bdat
                                                 23    dpl_il_cook_20130311.sas7bdat
                                                 24    dpl_il_cook_20130325.sas7bdat
                                                 25    dpl_il_cook_20130408.sas7bdat
                                                 26    dpl_il_cook_20130422.sas7bdat
                                                 27    dpl_il_cook_20130506.sas7bdat
                                                 28    dpl_il_cook_20130520.sas7bdat
                                                 29    dpl_il_cook_20130603.sas7bdat
                                                 30    dpl_il_cook_20130617.sas7bdat
                                                 31    dpl_il_cook_20130701.sas7bdat
                                                 32    dpl_il_cook_20130715.sas7bdat
                                                 33    dpl_il_cook_20130729.sas7bdat
                                                 34    dpl_il_cook_20130812.sas7bdat
                                                 35    dpl_il_cook_20130826.sas7bdat
                                                 36    dpl_il_cook_20130909.sas7bdat
                                                 37    dpl_il_cook_20130923.sas7bdat
                                                 38    dpl_il_cook_20131007.sas7bdat
                                                 39    dpl_il_cook_20131021.sas7bdat
                                                 40    dpl_il_cook_20131104.sas7bdat
                                                 41    dpl_il_cook_20131118.sas7bdat
                                                 42    dpl_il_cook_20131202.sas7bdat
                                                 43    dpl_il_cook_20131216.sas7bdat
                                                 44    dpl_il_cook_20131230.sas7bdat
                                                 45    dpl_il_cook_20140113.sas7bdat
                                                 46    dpl_il_cook_20140127.sas7bdat
                                                 47    dpl_il_cook_20140210.sas7bdat
                                                 48    dpl_il_cook_20140224.sas7bdat
                                                 49    dpl_il_cook_20140310.sas7bdat
                                                 50    dpl_il_cook_20140324.sas7bdat
                                                 51    dpl_il_cook_20140407.sas7bdat
                                                 52    dpl_il_cook_20140421.sas7bdat
                                                 53    dpl_il_cook_20140505.sas7bdat
                                                 54    dpl_il_cook_20140519.sas7bdat
                                                 55    dpl_il_cook_20140602.sas7bdat
                                                 56    dpl_il_cook_20140616.sas7bdat
                                                           The SAS System                        16:36 Friday, February 20, 2015   2

                                                Obs               process

                                                 57    dpl_il_cook_20140630.sas7bdat
                                                 58    dpl_il_cook_20140714.sas7bdat
                                                 59    dpl_il_cook_20140728.sas7bdat
                                                 60    dpl_il_cook_20140811.sas7bdat
                                                 61    dpl_il_cook_20140825.sas7bdat
                                                 62    dpl_il_cook_20140908.sas7bdat
                                                 63    dpl_il_cook_20140922.sas7bdat
                                                 64    dpl_il_cook_20141006.sas7bdat
                                                 65    dpl_il_cook_20141020.sas7bdat
                                                 66    dpl_il_cook_20141103.sas7bdat
                                                 67    dpl_il_cook_20141117.sas7bdat
                                                 68    dpl_il_cook_20141201.sas7bdat
                                                 69    dpl_il_cook_20141215.sas7bdat
                                                 70    dpl_il_cook_20141229.sas7bdat
                                                 71    dpl_il_cook_20150112.sas7bdat
                                                 72    dpl_il_cook_20150126.sas7bdat
                                                 73    dpl_il_cook_20150209.sas7bdat
