                                                           The SAS System                       14:32 Tuesday, February 24, 2015   1

                                    Obs                file                         name

                                      1    dpl_il_cook_20120507.sas7bdat    dpl_il_cook_20120507
                                      2    dpl_il_cook_20120521.sas7bdat    dpl_il_cook_20120521
                                      3    dpl_il_cook_20120604.sas7bdat    dpl_il_cook_20120604
                                      4    dpl_il_cook_20120618.sas7bdat    dpl_il_cook_20120618
                                      5    dpl_il_cook_20120702.sas7bdat    dpl_il_cook_20120702
                                      6    dpl_il_cook_20120716.sas7bdat    dpl_il_cook_20120716
                                      7    dpl_il_cook_20120730.sas7bdat    dpl_il_cook_20120730
                                      8    dpl_il_cook_20120813.sas7bdat    dpl_il_cook_20120813
                                      9    dpl_il_cook_20120827.sas7bdat    dpl_il_cook_20120827
                                     10    dpl_il_cook_20120910.sas7bdat    dpl_il_cook_20120910
                                     11    dpl_il_cook_20120924.sas7bdat    dpl_il_cook_20120924
                                     12    dpl_il_cook_20121008.sas7bdat    dpl_il_cook_20121008
                                     13    dpl_il_cook_20121022.sas7bdat    dpl_il_cook_20121022
                                     14    dpl_il_cook_20121105.sas7bdat    dpl_il_cook_20121105
                                     15    dpl_il_cook_20121119.sas7bdat    dpl_il_cook_20121119
                                     16    dpl_il_cook_20121203.sas7bdat    dpl_il_cook_20121203
                                     17    dpl_il_cook_20121217.sas7bdat    dpl_il_cook_20121217
                                     18    dpl_il_cook_20121231.sas7bdat    dpl_il_cook_20121231
                                     19    dpl_il_cook_20130114.sas7bdat    dpl_il_cook_20130114
                                     20    dpl_il_cook_20130128.sas7bdat    dpl_il_cook_20130128
                                     21    dpl_il_cook_20130211.sas7bdat    dpl_il_cook_20130211
                                     22    dpl_il_cook_20130225.sas7bdat    dpl_il_cook_20130225
                                     23    dpl_il_cook_20130311.sas7bdat    dpl_il_cook_20130311
                                     24    dpl_il_cook_20130325.sas7bdat    dpl_il_cook_20130325
                                     25    dpl_il_cook_20130408.sas7bdat    dpl_il_cook_20130408
                                     26    dpl_il_cook_20130422.sas7bdat    dpl_il_cook_20130422
                                     27    dpl_il_cook_20130506.sas7bdat    dpl_il_cook_20130506
                                     28    dpl_il_cook_20130520.sas7bdat    dpl_il_cook_20130520
                                     29    dpl_il_cook_20130603.sas7bdat    dpl_il_cook_20130603
                                     30    dpl_il_cook_20130617.sas7bdat    dpl_il_cook_20130617
                                     31    dpl_il_cook_20130701.sas7bdat    dpl_il_cook_20130701
                                     32    dpl_il_cook_20130715.sas7bdat    dpl_il_cook_20130715
                                     33    dpl_il_cook_20130729.sas7bdat    dpl_il_cook_20130729
                                     34    dpl_il_cook_20130812.sas7bdat    dpl_il_cook_20130812
                                     35    dpl_il_cook_20130826.sas7bdat    dpl_il_cook_20130826
                                     36    dpl_il_cook_20130909.sas7bdat    dpl_il_cook_20130909
                                     37    dpl_il_cook_20130923.sas7bdat    dpl_il_cook_20130923
                                     38    dpl_il_cook_20131007.sas7bdat    dpl_il_cook_20131007
                                     39    dpl_il_cook_20131021.sas7bdat    dpl_il_cook_20131021
                                     40    dpl_il_cook_20131104.sas7bdat    dpl_il_cook_20131104
                                     41    dpl_il_cook_20131118.sas7bdat    dpl_il_cook_20131118
                                     42    dpl_il_cook_20131202.sas7bdat    dpl_il_cook_20131202
                                     43    dpl_il_cook_20131216.sas7bdat    dpl_il_cook_20131216
                                     44    dpl_il_cook_20131230.sas7bdat    dpl_il_cook_20131230
                                     45    dpl_il_cook_20140113.sas7bdat    dpl_il_cook_20140113
                                     46    dpl_il_cook_20140127.sas7bdat    dpl_il_cook_20140127
                                     47    dpl_il_cook_20140210.sas7bdat    dpl_il_cook_20140210
                                     48    dpl_il_cook_20140224.sas7bdat    dpl_il_cook_20140224
                                     49    dpl_il_cook_20140310.sas7bdat    dpl_il_cook_20140310
                                     50    dpl_il_cook_20140324.sas7bdat    dpl_il_cook_20140324
                                     51    dpl_il_cook_20140407.sas7bdat    dpl_il_cook_20140407
                                     52    dpl_il_cook_20140421.sas7bdat    dpl_il_cook_20140421
                                     53    dpl_il_cook_20140505.sas7bdat    dpl_il_cook_20140505
                                     54    dpl_il_cook_20140519.sas7bdat    dpl_il_cook_20140519
                                     55    dpl_il_cook_20140602.sas7bdat    dpl_il_cook_20140602
                                     56    dpl_il_cook_20140616.sas7bdat    dpl_il_cook_20140616
                                                           The SAS System                       14:32 Tuesday, February 24, 2015   2

                                    Obs                file                         name

                                     57    dpl_il_cook_20140630.sas7bdat    dpl_il_cook_20140630
                                     58    dpl_il_cook_20140714.sas7bdat    dpl_il_cook_20140714
                                     59    dpl_il_cook_20140728.sas7bdat    dpl_il_cook_20140728
                                     60    dpl_il_cook_20140811.sas7bdat    dpl_il_cook_20140811
                                     61    dpl_il_cook_20140825.sas7bdat    dpl_il_cook_20140825
                                     62    dpl_il_cook_20140908.sas7bdat    dpl_il_cook_20140908
                                     63    dpl_il_cook_20140922.sas7bdat    dpl_il_cook_20140922
                                     64    dpl_il_cook_20141006.sas7bdat    dpl_il_cook_20141006
                                     65    dpl_il_cook_20141020.sas7bdat    dpl_il_cook_20141020
                                     66    dpl_il_cook_20141103.sas7bdat    dpl_il_cook_20141103
                                     67    dpl_il_cook_20141117.sas7bdat    dpl_il_cook_20141117
                                     68    dpl_il_cook_20141201.sas7bdat    dpl_il_cook_20141201
                                     69    dpl_il_cook_20141215.sas7bdat    dpl_il_cook_20141215
                                     70    dpl_il_cook_20141229.sas7bdat    dpl_il_cook_20141229
                                     71    dpl_il_cook_20150112.sas7bdat    dpl_il_cook_20150112
                                     72    dpl_il_cook_20150126.sas7bdat    dpl_il_cook_20150126
                                     73    dpl_il_cook_20150209.sas7bdat    dpl_il_cook_20150209
                                     74    dpl_il_cook_20150223.sas7bdat    dpl_il_cook_20150223
